[36minfo[39m: prod_node_1: 14-06-2026 00:12:43: [36minputValues:getInputDefinitions[39m |====| {"type":"workflow","id":"wf-123"}
[36minfo[39m: prod_node_1: 14-06-2026 00:12:48: [36mQueryEngine:resolveTemplate:start[39m |====| {"dataQueryID":"test-query","template":"SELECT * FROM users WHERE id = {{args.userId}}"}
[36minfo[39m: prod_node_1: 14-06-2026 00:12:48: [36mQueryEngine:resolveTemplate:done[39m |====| {"dataQueryID":"test-query","resolvedTemplate":"SELECT * FROM users WHERE id = "}
[36minfo[39m: prod_node_1: 14-06-2026 00:12:48: [36mQueryEngine:resolveTemplate:start[39m |====| {"dataQueryID":"test-query","template":"SELECT * FROM {{args.tableName}} WHERE id = {{args.userId}}"}
[36minfo[39m: prod_node_1: 14-06-2026 00:12:48: [36mQueryEngine:resolveTemplate:done[39m |====| {"dataQueryID":"test-query","resolvedTemplate":"SELECT * FROM  WHERE id = "}
[36minfo[39m: prod_node_1: 14-06-2026 00:12:48: [36mQueryEngine:resolveTemplate:start[39m |====| {"dataQueryID":"test-query","template":{"query":"SELECT * FROM users","limit":"{{args.pageSize}}","filters":{"name":"{{args.userName}}"}}}
[36minfo[39m: prod_node_1: 14-06-2026 00:12:48: [36mQueryEngine:resolveTemplate:done[39m |====| {"dataQueryID":"test-query","resolvedTemplate":{"query":"SELECT * FROM users","filters":{}}}
[36minfo[39m: prod_node_1: 14-06-2026 00:12:48: [36mQueryEngine:resolveTemplate:start[39m |====| {"dataQueryID":"test-query","template":{"ids":"{{inputs.ids}}","filters":["{{inputs.status}}",{"user":"{{inputs.user}}"}]}}
[36minfo[39m: prod_node_1: 14-06-2026 00:12:48: [36mQueryEngine:resolveTemplate:done[39m |====| {"dataQueryID":"test-query","resolvedTemplate":{"ids":[1,2],"filters":["active",{"user":{"id":7}}]}}
[36minfo[39m: prod_node_1: 14-06-2026 00:12:48: [36mQueryEngine:resolveTemplate:start[39m |====| {"dataQueryID":"test-query","template":"SELECT * FROM users"}
[36minfo[39m: prod_node_1: 14-06-2026 00:12:48: [36mQueryEngine:resolveTemplate:done[39m |====| {"dataQueryID":"test-query","resolvedTemplate":"SELECT * FROM users"}
[36minfo[39m: prod_node_1: 14-06-2026 00:12:48: [36mQueryEngine:resolveTemplate:start[39m |====| {"dataQueryID":"test-query","template":"SELECT * FROM users WHERE id = {{args.user.id}}"}
[36minfo[39m: prod_node_1: 14-06-2026 00:12:48: [36mQueryEngine:resolveTemplate:done[39m |====| {"dataQueryID":"test-query","resolvedTemplate":"SELECT * FROM users WHERE id = "}
[36minfo[39m: prod_node_1: 14-06-2026 00:12:48: [36mQueryEngine:resolveTemplate:start[39m |====| {"dataQueryID":"test-query","template":"SELECT * FROM users WHERE id = {{args.user.id}}"}
[36minfo[39m: prod_node_1: 14-06-2026 00:12:48: [36mQueryEngine:resolveTemplate:done[39m |====| {"dataQueryID":"test-query","resolvedTemplate":"SELECT * FROM users WHERE id = "}
[36minfo[39m: prod_node_1: 14-06-2026 00:12:48: [36mQueryEngine:resolveTemplate:start[39m |====| {"dataQueryID":"test-query","template":"SELECT * FROM {{args.filters[0].table}} WHERE user_id = {{args[\"user-id\"]}}"}
[36minfo[39m: prod_node_1: 14-06-2026 00:12:48: [36mQueryEngine:resolveTemplate:done[39m |====| {"dataQueryID":"test-query","resolvedTemplate":"SELECT * FROM  WHERE user_id = "}
[36minfo[39m: prod_node_1: 14-06-2026 00:12:48: [36mQueryEngine:resolveTemplate:start[39m |====| {"dataQueryID":"test-query","template":"SELECT * FROM users WHERE id = {{userId}}"}
[36minfo[39m: prod_node_1: 14-06-2026 00:12:48: [36mQueryEngine:resolveTemplate:done[39m |====| {"dataQueryID":"test-query","resolvedTemplate":"SELECT * FROM users WHERE id = "}
[36minfo[39m: prod_node_1: 14-06-2026 00:12:48: [36mQueryEngine:resolveTemplate:start[39m |====| {"dataQueryID":"test-query","template":"SELECT {{constructor.constructor(\"return 1\")()}}"}
[36minfo[39m: prod_node_1: 14-06-2026 00:12:48: [36mQueryEngine:resolveTemplate:done[39m |====| {"dataQueryID":"test-query","resolvedTemplate":"SELECT "}
[36minfo[39m: prod_node_1: 14-06-2026 00:12:48: [36mQueryEngine:executeQuery:start[39m |====| {"dataQueryID":"non-existent-query","runtimeInputs":{}}
[31merror[39m: prod_node_1: 14-06-2026 00:12:48: [31mQueryEngine:executeQuery:queryNotFound[39m |====| {"dataQueryID":"non-existent-query"}
[36minfo[39m: prod_node_1: 14-06-2026 00:12:48: [36mQueryEngine:executeQuery:start[39m |====| {"dataQueryID":"query-123","runtimeInputs":{}}
[36minfo[39m: prod_node_1: 14-06-2026 00:12:48: [36mQueryEngine:executeQuery:cacheHit[39m |====| {"dataQueryID":"query-123"}
[36minfo[39m: prod_node_1: 14-06-2026 00:12:48: [36mQueryEngine:getDataSource:start[39m |====| {"dataQueryID":"query-id","cacheKey":"postgresql_ds-123"}
[36minfo[39m: prod_node_1: 14-06-2026 00:12:48: [36mQueryEngine:getDataSource:cacheHit[39m |====| {"dataQueryID":"query-id"}
[36minfo[39m: prod_node_1: 14-06-2026 00:12:53: [36mvaultService:storeCredential:params[39m |====| {"tenantID":"a1b2c3d4-e5f6-7a8b-9c0d-1e2f3a4b5c6d","provider":"google","name":"Google Sheet Auth"}
[32msuccess[39m: prod_node_1: 14-06-2026 00:12:53: [32mvaultService:storeCredential:success[39m |====| {"tenantID":"a1b2c3d4-e5f6-7a8b-9c0d-1e2f3a4b5c6d","vaultCredentialID":"f6e5d4c3-b2a1-0f9e-8d7c-6b5a4f3e2d1c"}
[36minfo[39m: prod_node_1: 14-06-2026 00:12:53: [36mvaultService:getCredential:params[39m |====| {"tenantID":"a1b2c3d4-e5f6-7a8b-9c0d-1e2f3a4b5c6d","vaultCredentialID":"f6e5d4c3-b2a1-0f9e-8d7c-6b5a4f3e2d1c"}
[32msuccess[39m: prod_node_1: 14-06-2026 00:12:53: [32mvaultService:getCredential:success[39m |====| {"tenantID":"a1b2c3d4-e5f6-7a8b-9c0d-1e2f3a4b5c6d","vaultCredentialID":"f6e5d4c3-b2a1-0f9e-8d7c-6b5a4f3e2d1c"}
[36minfo[39m: prod_node_1: 14-06-2026 00:12:53: [36mvaultService:getCredential:params[39m |====| {"tenantID":"a1b2c3d4-e5f6-7a8b-9c0d-1e2f3a4b5c6d","vaultCredentialID":"f6e5d4c3-b2a1-0f9e-8d7c-6b5a4f3e2d1c"}
[31merror[39m: prod_node_1: 14-06-2026 00:12:53: [31mvaultService:getCredential:failure[39m |====| {"tenantID":"a1b2c3d4-e5f6-7a8b-9c0d-1e2f3a4b5c6d","vaultCredentialID":"f6e5d4c3-b2a1-0f9e-8d7c-6b5a4f3e2d1c","errorMessage":"Credential not found in Vault"}
[36minfo[39m: prod_node_1: 14-06-2026 00:12:53: [36mvaultService:getCredential:params[39m |====| {"tenantID":"a1b2c3d4-e5f6-7a8b-9c0d-1e2f3a4b5c6d","vaultCredentialID":"f6e5d4c3-b2a1-0f9e-8d7c-6b5a4f3e2d1c"}
[31merror[39m: prod_node_1: 14-06-2026 00:12:53: [31mvaultService:getCredential:failure[39m |====| {"tenantID":"a1b2c3d4-e5f6-7a8b-9c0d-1e2f3a4b5c6d","vaultCredentialID":"f6e5d4c3-b2a1-0f9e-8d7c-6b5a4f3e2d1c","errorMessage":"Unauthorized access to credential"}
[36minfo[39m: prod_node_1: 14-06-2026 00:12:54: [36mQueryEngine:executeQuery:start[39m |====| {"dataQueryID":"query-123","runtimeInputs":{}}
[36minfo[39m: prod_node_1: 14-06-2026 00:12:54: [36mQueryEngine:executeQuery:fetchedQuery[39m |====| {"dataQueryID":"query-123","query":{"dataQueryID":"query-123","tenantID":"tenant-uuid-123","datasourceID":"ds-123","datasourceType":"googlesheets","dataQueryOptions":{"spreadsheetId":"sheet-id-abc"}}}
[36minfo[39m: prod_node_1: 14-06-2026 00:12:54: [36mQueryEngine:resolveTemplate:start[39m |====| {"dataQueryID":"query-123","template":{"spreadsheetId":"sheet-id-abc"}}
[36minfo[39m: prod_node_1: 14-06-2026 00:12:54: [36mQueryEngine:resolveTemplate:done[39m |====| {"dataQueryID":"query-123","resolvedTemplate":{"spreadsheetId":"sheet-id-abc"}}
[36minfo[39m: prod_node_1: 14-06-2026 00:12:54: [36mQueryEngine:executeQuery:resolvedTemplate[39m |====| {"dataQueryID":"query-123","resolvedTemplate":{"spreadsheetId":"sheet-id-abc"}}
[36minfo[39m: prod_node_1: 14-06-2026 00:12:54: [36mQueryEngine:getDataSource:start[39m |====| {"dataQueryID":"query-123","cacheKey":"googlesheets_ds-123"}
[36minfo[39m: prod_node_1: 14-06-2026 00:12:54: [36mQueryEngine:getDataSource:created[39m |====| {"dataQueryID":"query-123","cacheKey":"googlesheets_ds-123"}
[36minfo[39m: prod_node_1: 14-06-2026 00:12:54: [36mQueryEngine:executeQuery:executed[39m |====| {"dataQueryID":"query-123","runtimeInputs":{}}
[36minfo[39m: prod_node_1: 14-06-2026 00:12:54: [36mdatasourceService:testDatasourceConnection:params[39m |====| {"userID":"user-123","tenantID":"tenant-uuid-128","datasourceType":"googlesheets","datasourceOptions":{"authType":"oauth2","oauth2":{"vaultCredentialID":"vault-credential-uuid-999"}}}
[32msuccess[39m: prod_node_1: 14-06-2026 00:12:54: [32mdatasourceService:testDatasourceConnection:success[39m |====| {"userID":"user-123","connectionResult":{"ok":true,"status":200,"statusText":"Connected","credentialUsed":{"refreshToken":"[REDACTED]"}}}
[36minfo[39m: prod_node_1: 14-06-2026 00:12:55: [36mqueue.config:initializing in-memory queues[39m
[32msuccess[39m: prod_node_1: 14-06-2026 00:12:55: [32mqueue.config:in-memory queues ready[39m
[36minfo[39m: prod_node_1: 14-06-2026 00:12:55: [36mqueue.config:task worker registered[39m
[36minfo[39m: prod_node_1: 14-06-2026 00:12:55: [36mqueue.config:addNodeJob[39m |====| {"nodeType":"dataQuery","instanceID":"instance-1"}
[36minfo[39m: prod_node_1: 14-06-2026 00:12:55: [36mqueue.config:queues closed[39m
[36minfo[39m: prod_node_1: 14-06-2026 00:12:55: [36mqueue.config:initializing in-memory queues[39m
[32msuccess[39m: prod_node_1: 14-06-2026 00:12:55: [32mqueue.config:in-memory queues ready[39m
[36minfo[39m: prod_node_1: 14-06-2026 00:12:55: [36mqueue.config:task worker registered[39m
[36minfo[39m: prod_node_1: 14-06-2026 00:12:55: [36mqueue.config:addNodeJob[39m |====| {"nodeType":"code","instanceID":"instance-2"}
[36minfo[39m: prod_node_1: 14-06-2026 00:12:55: [36mqueue.config:queues closed[39m
[36minfo[39m: prod_node_1: 14-06-2026 00:12:55: [36mendHandler:collectingOutput[39m |====| {"instanceID":"instance-1","name":"customerID","sourceVariable":"{{ctx.input.customerID}}"}
[36minfo[39m: prod_node_1: 14-06-2026 00:12:55: [36mendHandler:executed[39m |====| {"instanceID":"instance-1","outputParameters":[{"name":"customerID","sourceVariable":"{{ctx.input.customerID}}"}]}
[36minfo[39m: prod_node_1: 14-06-2026 00:12:55: [36mendHandler:collectingOutput[39m |====| {"instanceID":"instance-1","name":"label","sourceVariable":"hardcoded-value"}
[36minfo[39m: prod_node_1: 14-06-2026 00:12:55: [36mendHandler:executed[39m |====| {"instanceID":"instance-1","outputParameters":[{"name":"label","sourceVariable":"hardcoded-value"}]}
[36minfo[39m: prod_node_1: 14-06-2026 00:14:04: [36minputValues:getInputDefinitions[39m |====| {"type":"workflow","id":"wf-123"}
[36minfo[39m: prod_node_1: 14-06-2026 00:14:04: [36mqueue.config:initializing in-memory queues[39m
[32msuccess[39m: prod_node_1: 14-06-2026 00:14:04: [32mqueue.config:in-memory queues ready[39m
[36minfo[39m: prod_node_1: 14-06-2026 00:14:04: [36mqueue.config:task worker registered[39m
[36minfo[39m: prod_node_1: 14-06-2026 00:14:04: [36mqueue.config:addNodeJob[39m |====| {"nodeType":"dataQuery","instanceID":"instance-1"}
[36minfo[39m: prod_node_1: 14-06-2026 00:14:04: [36mqueue.config:queues closed[39m
[36minfo[39m: prod_node_1: 14-06-2026 00:14:04: [36mqueue.config:initializing in-memory queues[39m
[32msuccess[39m: prod_node_1: 14-06-2026 00:14:04: [32mqueue.config:in-memory queues ready[39m
[36minfo[39m: prod_node_1: 14-06-2026 00:14:04: [36mqueue.config:task worker registered[39m
[36minfo[39m: prod_node_1: 14-06-2026 00:14:04: [36mqueue.config:addNodeJob[39m |====| {"nodeType":"code","instanceID":"instance-2"}
[36minfo[39m: prod_node_1: 14-06-2026 00:14:04: [36mqueue.config:queues closed[39m
[36minfo[39m: prod_node_1: 14-06-2026 00:14:04: [36mvaultService:storeCredential:params[39m |====| {"tenantID":"a1b2c3d4-e5f6-7a8b-9c0d-1e2f3a4b5c6d","provider":"google","name":"Google Sheet Auth"}
[32msuccess[39m: prod_node_1: 14-06-2026 00:14:04: [32mvaultService:storeCredential:success[39m |====| {"tenantID":"a1b2c3d4-e5f6-7a8b-9c0d-1e2f3a4b5c6d","vaultCredentialID":"f6e5d4c3-b2a1-0f9e-8d7c-6b5a4f3e2d1c"}
[36minfo[39m: prod_node_1: 14-06-2026 00:14:04: [36mvaultService:getCredential:params[39m |====| {"tenantID":"a1b2c3d4-e5f6-7a8b-9c0d-1e2f3a4b5c6d","vaultCredentialID":"f6e5d4c3-b2a1-0f9e-8d7c-6b5a4f3e2d1c"}
[32msuccess[39m: prod_node_1: 14-06-2026 00:14:04: [32mvaultService:getCredential:success[39m |====| {"tenantID":"a1b2c3d4-e5f6-7a8b-9c0d-1e2f3a4b5c6d","vaultCredentialID":"f6e5d4c3-b2a1-0f9e-8d7c-6b5a4f3e2d1c"}
[36minfo[39m: prod_node_1: 14-06-2026 00:14:04: [36mvaultService:getCredential:params[39m |====| {"tenantID":"a1b2c3d4-e5f6-7a8b-9c0d-1e2f3a4b5c6d","vaultCredentialID":"f6e5d4c3-b2a1-0f9e-8d7c-6b5a4f3e2d1c"}
[31merror[39m: prod_node_1: 14-06-2026 00:14:04: [31mvaultService:getCredential:failure[39m |====| {"tenantID":"a1b2c3d4-e5f6-7a8b-9c0d-1e2f3a4b5c6d","vaultCredentialID":"f6e5d4c3-b2a1-0f9e-8d7c-6b5a4f3e2d1c","errorMessage":"Credential not found in Vault"}
[36minfo[39m: prod_node_1: 14-06-2026 00:14:04: [36mvaultService:getCredential:params[39m |====| {"tenantID":"a1b2c3d4-e5f6-7a8b-9c0d-1e2f3a4b5c6d","vaultCredentialID":"f6e5d4c3-b2a1-0f9e-8d7c-6b5a4f3e2d1c"}
[31merror[39m: prod_node_1: 14-06-2026 00:14:04: [31mvaultService:getCredential:failure[39m |====| {"tenantID":"a1b2c3d4-e5f6-7a8b-9c0d-1e2f3a4b5c6d","vaultCredentialID":"f6e5d4c3-b2a1-0f9e-8d7c-6b5a4f3e2d1c","errorMessage":"Unauthorized access to credential"}
[36minfo[39m: prod_node_1: 14-06-2026 00:14:04: [36mendHandler:collectingOutput[39m |====| {"instanceID":"instance-1","name":"customerID","sourceVariable":"{{ctx.input.customerID}}"}
[36minfo[39m: prod_node_1: 14-06-2026 00:14:04: [36mendHandler:executed[39m |====| {"instanceID":"instance-1","outputParameters":[{"name":"customerID","sourceVariable":"{{ctx.input.customerID}}"}]}
[36minfo[39m: prod_node_1: 14-06-2026 00:14:04: [36mendHandler:collectingOutput[39m |====| {"instanceID":"instance-1","name":"label","sourceVariable":"hardcoded-value"}
[36minfo[39m: prod_node_1: 14-06-2026 00:14:04: [36mendHandler:executed[39m |====| {"instanceID":"instance-1","outputParameters":[{"name":"label","sourceVariable":"hardcoded-value"}]}
[36minfo[39m: prod_node_1: 14-06-2026 00:14:04: [36mdatasourceService:testDatasourceConnection:params[39m |====| {"userID":"user-123","tenantID":"tenant-uuid-128","datasourceType":"googlesheets","datasourceOptions":{"authType":"oauth2","oauth2":{"vaultCredentialID":"vault-credential-uuid-999"}}}
[32msuccess[39m: prod_node_1: 14-06-2026 00:14:04: [32mdatasourceService:testDatasourceConnection:success[39m |====| {"userID":"user-123","connectionResult":{"ok":true,"status":200,"statusText":"Connected","credentialUsed":{"refreshToken":"[REDACTED]"}}}
[36minfo[39m: prod_node_1: 14-06-2026 00:14:05: [36mQueryEngine:executeQuery:start[39m |====| {"dataQueryID":"query-123","runtimeInputs":{}}
[36minfo[39m: prod_node_1: 14-06-2026 00:14:05: [36mQueryEngine:executeQuery:fetchedQuery[39m |====| {"dataQueryID":"query-123","query":{"dataQueryID":"query-123","tenantID":"tenant-uuid-123","datasourceID":"ds-123","datasourceType":"googlesheets","dataQueryOptions":{"spreadsheetId":"sheet-id-abc"}}}
[36minfo[39m: prod_node_1: 14-06-2026 00:14:05: [36mQueryEngine:resolveTemplate:start[39m |====| {"dataQueryID":"query-123","template":{"spreadsheetId":"sheet-id-abc"}}
[36minfo[39m: prod_node_1: 14-06-2026 00:14:05: [36mQueryEngine:resolveTemplate:done[39m |====| {"dataQueryID":"query-123","resolvedTemplate":{"spreadsheetId":"sheet-id-abc"}}
[36minfo[39m: prod_node_1: 14-06-2026 00:14:05: [36mQueryEngine:executeQuery:resolvedTemplate[39m |====| {"dataQueryID":"query-123","resolvedTemplate":{"spreadsheetId":"sheet-id-abc"}}
[36minfo[39m: prod_node_1: 14-06-2026 00:14:05: [36mQueryEngine:getDataSource:start[39m |====| {"dataQueryID":"query-123","cacheKey":"googlesheets_ds-123"}
[36minfo[39m: prod_node_1: 14-06-2026 00:14:05: [36mQueryEngine:getDataSource:created[39m |====| {"dataQueryID":"query-123","cacheKey":"googlesheets_ds-123"}
[36minfo[39m: prod_node_1: 14-06-2026 00:14:05: [36mQueryEngine:executeQuery:executed[39m |====| {"dataQueryID":"query-123","runtimeInputs":{}}
[36minfo[39m: prod_node_1: 14-06-2026 00:14:08: [36mQueryEngine:resolveTemplate:start[39m |====| {"dataQueryID":"test-query","template":"SELECT * FROM users WHERE id = {{args.userId}}"}
[36minfo[39m: prod_node_1: 14-06-2026 00:14:08: [36mQueryEngine:resolveTemplate:done[39m |====| {"dataQueryID":"test-query","resolvedTemplate":"SELECT * FROM users WHERE id = 123"}
[36minfo[39m: prod_node_1: 14-06-2026 00:14:08: [36mQueryEngine:resolveTemplate:start[39m |====| {"dataQueryID":"test-query","template":"SELECT * FROM {{args.tableName}} WHERE id = {{args.userId}}"}
[36minfo[39m: prod_node_1: 14-06-2026 00:14:08: [36mQueryEngine:resolveTemplate:done[39m |====| {"dataQueryID":"test-query","resolvedTemplate":"SELECT * FROM customers WHERE id = 456"}
[36minfo[39m: prod_node_1: 14-06-2026 00:14:08: [36mQueryEngine:resolveTemplate:start[39m |====| {"dataQueryID":"test-query","template":{"query":"SELECT * FROM users","limit":"{{args.pageSize}}","filters":{"name":"{{args.userName}}"}}}
[36minfo[39m: prod_node_1: 14-06-2026 00:14:08: [36mQueryEngine:resolveTemplate:done[39m |====| {"dataQueryID":"test-query","resolvedTemplate":{"query":"SELECT * FROM users","limit":10,"filters":{"name":"John"}}}
[36minfo[39m: prod_node_1: 14-06-2026 00:14:08: [36mQueryEngine:resolveTemplate:start[39m |====| {"dataQueryID":"test-query","template":{"ids":"{{inputs.ids}}","filters":["{{inputs.status}}",{"user":"{{inputs.user}}"}]}}
[36minfo[39m: prod_node_1: 14-06-2026 00:14:08: [36mQueryEngine:resolveTemplate:done[39m |====| {"dataQueryID":"test-query","resolvedTemplate":{"ids":[1,2],"filters":["active",{"user":{"id":7}}]}}
[36minfo[39m: prod_node_1: 14-06-2026 00:14:08: [36mQueryEngine:resolveTemplate:start[39m |====| {"dataQueryID":"test-query","template":"SELECT * FROM users"}
[36minfo[39m: prod_node_1: 14-06-2026 00:14:08: [36mQueryEngine:resolveTemplate:done[39m |====| {"dataQueryID":"test-query","resolvedTemplate":"SELECT * FROM users"}
[36minfo[39m: prod_node_1: 14-06-2026 00:14:08: [36mQueryEngine:resolveTemplate:start[39m |====| {"dataQueryID":"test-query","template":"SELECT * FROM users WHERE id = {{args.user.id}}"}
[36minfo[39m: prod_node_1: 14-06-2026 00:14:08: [36mQueryEngine:resolveTemplate:done[39m |====| {"dataQueryID":"test-query","resolvedTemplate":"SELECT * FROM users WHERE id = 789"}
[36minfo[39m: prod_node_1: 14-06-2026 00:14:08: [36mQueryEngine:resolveTemplate:start[39m |====| {"dataQueryID":"test-query","template":"SELECT * FROM users WHERE id = {{args.user.id}}"}
[36minfo[39m: prod_node_1: 14-06-2026 00:14:08: [36mQueryEngine:resolveTemplate:done[39m |====| {"dataQueryID":"test-query","resolvedTemplate":"SELECT * FROM users WHERE id = 654"}
[36minfo[39m: prod_node_1: 14-06-2026 00:14:08: [36mQueryEngine:resolveTemplate:start[39m |====| {"dataQueryID":"test-query","template":"SELECT * FROM {{args.filters[0].table}} WHERE user_id = {{args[\"user-id\"]}}"}
[36minfo[39m: prod_node_1: 14-06-2026 00:14:08: [36mQueryEngine:resolveTemplate:done[39m |====| {"dataQueryID":"test-query","resolvedTemplate":"SELECT * FROM customers WHERE user_id = 321"}
[36minfo[39m: prod_node_1: 14-06-2026 00:14:08: [36mQueryEngine:resolveTemplate:start[39m |====| {"dataQueryID":"test-query","template":"SELECT * FROM users WHERE id = {{userId}}"}
[36minfo[39m: prod_node_1: 14-06-2026 00:14:08: [36mQueryEngine:resolveTemplate:done[39m |====| {"dataQueryID":"test-query","resolvedTemplate":"SELECT * FROM users WHERE id = "}
[36minfo[39m: prod_node_1: 14-06-2026 00:14:08: [36mQueryEngine:resolveTemplate:start[39m |====| {"dataQueryID":"test-query","template":"SELECT {{constructor.constructor(\"return 1\")()}}"}
[36minfo[39m: prod_node_1: 14-06-2026 00:14:08: [36mQueryEngine:resolveTemplate:done[39m |====| {"dataQueryID":"test-query","resolvedTemplate":"SELECT "}
[36minfo[39m: prod_node_1: 14-06-2026 00:14:08: [36mQueryEngine:executeQuery:start[39m |====| {"dataQueryID":"non-existent-query","runtimeInputs":{}}
[31merror[39m: prod_node_1: 14-06-2026 00:14:08: [31mQueryEngine:executeQuery:queryNotFound[39m |====| {"dataQueryID":"non-existent-query"}
[36minfo[39m: prod_node_1: 14-06-2026 00:14:08: [36mQueryEngine:executeQuery:start[39m |====| {"dataQueryID":"query-123","runtimeInputs":{}}
[36minfo[39m: prod_node_1: 14-06-2026 00:14:08: [36mQueryEngine:executeQuery:cacheHit[39m |====| {"dataQueryID":"query-123"}
[36minfo[39m: prod_node_1: 14-06-2026 00:14:08: [36mQueryEngine:getDataSource:start[39m |====| {"dataQueryID":"query-id","cacheKey":"postgresql_ds-123"}
[36minfo[39m: prod_node_1: 14-06-2026 00:14:08: [36mQueryEngine:getDataSource:cacheHit[39m |====| {"dataQueryID":"query-id"}
[36minfo[39m: prod_node_1: 14-06-2026 00:14:19: [36mQueryEngine:resolveTemplate:start[39m |====| {"dataQueryID":"test-query","template":"SELECT * FROM users WHERE id = {{args.userId}}"}
[36minfo[39m: prod_node_1: 14-06-2026 00:14:19: [36mQueryEngine:resolveTemplate:done[39m |====| {"dataQueryID":"test-query","resolvedTemplate":"SELECT * FROM users WHERE id = 123"}
[36minfo[39m: prod_node_1: 14-06-2026 00:14:19: [36mQueryEngine:resolveTemplate:start[39m |====| {"dataQueryID":"test-query","template":"SELECT * FROM {{args.tableName}} WHERE id = {{args.userId}}"}
[36minfo[39m: prod_node_1: 14-06-2026 00:14:19: [36mQueryEngine:resolveTemplate:done[39m |====| {"dataQueryID":"test-query","resolvedTemplate":"SELECT * FROM customers WHERE id = 456"}
[36minfo[39m: prod_node_1: 14-06-2026 00:14:19: [36mQueryEngine:resolveTemplate:start[39m |====| {"dataQueryID":"test-query","template":{"query":"SELECT * FROM users","limit":"{{args.pageSize}}","filters":{"name":"{{args.userName}}"}}}
[36minfo[39m: prod_node_1: 14-06-2026 00:14:19: [36mQueryEngine:resolveTemplate:done[39m |====| {"dataQueryID":"test-query","resolvedTemplate":{"query":"SELECT * FROM users","limit":10,"filters":{"name":"John"}}}
[36minfo[39m: prod_node_1: 14-06-2026 00:14:19: [36mQueryEngine:resolveTemplate:start[39m |====| {"dataQueryID":"test-query","template":{"ids":"{{inputs.ids}}","filters":["{{inputs.status}}",{"user":"{{inputs.user}}"}]}}
[36minfo[39m: prod_node_1: 14-06-2026 00:14:19: [36mQueryEngine:resolveTemplate:done[39m |====| {"dataQueryID":"test-query","resolvedTemplate":{"ids":[1,2],"filters":["active",{"user":{"id":7}}]}}
[36minfo[39m: prod_node_1: 14-06-2026 00:14:19: [36mQueryEngine:resolveTemplate:start[39m |====| {"dataQueryID":"test-query","template":"SELECT * FROM users"}
[36minfo[39m: prod_node_1: 14-06-2026 00:14:19: [36mQueryEngine:resolveTemplate:done[39m |====| {"dataQueryID":"test-query","resolvedTemplate":"SELECT * FROM users"}
[36minfo[39m: prod_node_1: 14-06-2026 00:14:19: [36mQueryEngine:resolveTemplate:start[39m |====| {"dataQueryID":"test-query","template":"SELECT * FROM users WHERE id = {{args.user.id}}"}
[36minfo[39m: prod_node_1: 14-06-2026 00:14:19: [36mQueryEngine:resolveTemplate:done[39m |====| {"dataQueryID":"test-query","resolvedTemplate":"SELECT * FROM users WHERE id = 789"}
[36minfo[39m: prod_node_1: 14-06-2026 00:14:19: [36mQueryEngine:resolveTemplate:start[39m |====| {"dataQueryID":"test-query","template":"SELECT * FROM users WHERE id = {{args.user.id}}"}
[36minfo[39m: prod_node_1: 14-06-2026 00:14:19: [36mQueryEngine:resolveTemplate:done[39m |====| {"dataQueryID":"test-query","resolvedTemplate":"SELECT * FROM users WHERE id = 654"}
[36minfo[39m: prod_node_1: 14-06-2026 00:14:19: [36mQueryEngine:resolveTemplate:start[39m |====| {"dataQueryID":"test-query","template":"SELECT * FROM {{args.filters[0].table}} WHERE user_id = {{args[\"user-id\"]}}"}
[36minfo[39m: prod_node_1: 14-06-2026 00:14:19: [36mQueryEngine:resolveTemplate:done[39m |====| {"dataQueryID":"test-query","resolvedTemplate":"SELECT * FROM customers WHERE user_id = 321"}
[36minfo[39m: prod_node_1: 14-06-2026 00:14:19: [36mQueryEngine:resolveTemplate:start[39m |====| {"dataQueryID":"test-query","template":"SELECT * FROM users WHERE id = {{userId}}"}
[36minfo[39m: prod_node_1: 14-06-2026 00:14:19: [36mQueryEngine:resolveTemplate:done[39m |====| {"dataQueryID":"test-query","resolvedTemplate":"SELECT * FROM users WHERE id = "}
[36minfo[39m: prod_node_1: 14-06-2026 00:14:19: [36mQueryEngine:resolveTemplate:start[39m |====| {"dataQueryID":"test-query","template":"SELECT {{constructor.constructor(\"return 1\")()}}"}
[36minfo[39m: prod_node_1: 14-06-2026 00:14:19: [36mQueryEngine:resolveTemplate:done[39m |====| {"dataQueryID":"test-query","resolvedTemplate":"SELECT "}
[36minfo[39m: prod_node_1: 14-06-2026 00:14:19: [36mQueryEngine:executeQuery:start[39m |====| {"dataQueryID":"non-existent-query","runtimeInputs":{}}
[31merror[39m: prod_node_1: 14-06-2026 00:14:19: [31mQueryEngine:executeQuery:queryNotFound[39m |====| {"dataQueryID":"non-existent-query"}
[36minfo[39m: prod_node_1: 14-06-2026 00:14:19: [36mQueryEngine:executeQuery:start[39m |====| {"dataQueryID":"query-123","runtimeInputs":{}}
[36minfo[39m: prod_node_1: 14-06-2026 00:14:19: [36mQueryEngine:executeQuery:cacheHit[39m |====| {"dataQueryID":"query-123"}
[36minfo[39m: prod_node_1: 14-06-2026 00:14:19: [36mQueryEngine:getDataSource:start[39m |====| {"dataQueryID":"query-id","cacheKey":"postgresql_ds-123"}
[36minfo[39m: prod_node_1: 14-06-2026 00:14:19: [36mQueryEngine:getDataSource:cacheHit[39m |====| {"dataQueryID":"query-id"}
[36minfo[39m: prod_node_1: 14-06-2026 00:14:47: [36minputValues:getInputDefinitions[39m |====| {"type":"workflow","id":"123e4567-e89b-12d3-a456-426614174000"}
[36minfo[39m: prod_node_1: 14-06-2026 00:15:06: [36minputValues:getInputDefinitions[39m |====| {"type":"workflow","id":"123e4567-e89b-12d3-a456-426614174000"}
[36minfo[39m: prod_node_1: 14-06-2026 00:16:06: [36mQueryEngine:resolveTemplate:start[39m |====| {"dataQueryID":"test-query","template":"SELECT * FROM users WHERE id = {{inputs.userId}}"}
[36minfo[39m: prod_node_1: 14-06-2026 00:16:06: [36mQueryEngine:resolveTemplate:done[39m |====| {"dataQueryID":"test-query","resolvedTemplate":"SELECT * FROM users WHERE id = 123"}
[36minfo[39m: prod_node_1: 14-06-2026 00:16:06: [36mQueryEngine:resolveTemplate:start[39m |====| {"dataQueryID":"test-query","template":"SELECT * FROM {{inputs.tableName}} WHERE id = {{inputs.userId}}"}
[36minfo[39m: prod_node_1: 14-06-2026 00:16:06: [36mQueryEngine:resolveTemplate:done[39m |====| {"dataQueryID":"test-query","resolvedTemplate":"SELECT * FROM customers WHERE id = 456"}
[36minfo[39m: prod_node_1: 14-06-2026 00:16:06: [36mQueryEngine:resolveTemplate:start[39m |====| {"dataQueryID":"test-query","template":{"query":"SELECT * FROM users","limit":"{{inputs.pageSize}}","filters":{"name":"{{inputs.userName}}"}}}
[36minfo[39m: prod_node_1: 14-06-2026 00:16:06: [36mQueryEngine:resolveTemplate:done[39m |====| {"dataQueryID":"test-query","resolvedTemplate":{"query":"SELECT * FROM users","limit":10,"filters":{"name":"John"}}}
[36minfo[39m: prod_node_1: 14-06-2026 00:16:06: [36mQueryEngine:resolveTemplate:start[39m |====| {"dataQueryID":"test-query","template":{"ids":"{{inputs.ids}}","filters":["{{inputs.status}}",{"user":"{{inputs.user}}"}]}}
[36minfo[39m: prod_node_1: 14-06-2026 00:16:06: [36mQueryEngine:resolveTemplate:done[39m |====| {"dataQueryID":"test-query","resolvedTemplate":{"ids":[1,2],"filters":["active",{"user":{"id":7}}]}}
[36minfo[39m: prod_node_1: 14-06-2026 00:16:06: [36mQueryEngine:resolveTemplate:start[39m |====| {"dataQueryID":"test-query","template":"SELECT * FROM users"}
[36minfo[39m: prod_node_1: 14-06-2026 00:16:06: [36mQueryEngine:resolveTemplate:done[39m |====| {"dataQueryID":"test-query","resolvedTemplate":"SELECT * FROM users"}
[36minfo[39m: prod_node_1: 14-06-2026 00:16:06: [36mQueryEngine:resolveTemplate:start[39m |====| {"dataQueryID":"test-query","template":"SELECT * FROM users WHERE id = {{inputs.user.id}}"}
[36minfo[39m: prod_node_1: 14-06-2026 00:16:06: [36mQueryEngine:resolveTemplate:done[39m |====| {"dataQueryID":"test-query","resolvedTemplate":"SELECT * FROM users WHERE id = 789"}
[36minfo[39m: prod_node_1: 14-06-2026 00:16:06: [36mQueryEngine:resolveTemplate:start[39m |====| {"dataQueryID":"test-query","template":"SELECT * FROM users WHERE id = {{args.user.id}}"}
[36minfo[39m: prod_node_1: 14-06-2026 00:16:06: [36mQueryEngine:resolveTemplate:done[39m |====| {"dataQueryID":"test-query","resolvedTemplate":"SELECT * FROM users WHERE id = "}
[36minfo[39m: prod_node_1: 14-06-2026 00:16:06: [36mQueryEngine:resolveTemplate:start[39m |====| {"dataQueryID":"test-query","template":"SELECT * FROM {{inputs.filters[0].table}} WHERE user_id = {{inputs[\"user-id\"]}}"}
[36minfo[39m: prod_node_1: 14-06-2026 00:16:06: [36mQueryEngine:resolveTemplate:done[39m |====| {"dataQueryID":"test-query","resolvedTemplate":"SELECT * FROM customers WHERE user_id = 321"}
[36minfo[39m: prod_node_1: 14-06-2026 00:16:06: [36mQueryEngine:resolveTemplate:start[39m |====| {"dataQueryID":"test-query","template":"SELECT * FROM users WHERE id = {{userId}}"}
[36minfo[39m: prod_node_1: 14-06-2026 00:16:06: [36mQueryEngine:resolveTemplate:done[39m |====| {"dataQueryID":"test-query","resolvedTemplate":"SELECT * FROM users WHERE id = "}
[36minfo[39m: prod_node_1: 14-06-2026 00:16:06: [36mQueryEngine:resolveTemplate:start[39m |====| {"dataQueryID":"test-query","template":"SELECT {{constructor.constructor(\"return 1\")()}}"}
[36minfo[39m: prod_node_1: 14-06-2026 00:16:06: [36mQueryEngine:resolveTemplate:done[39m |====| {"dataQueryID":"test-query","resolvedTemplate":"SELECT "}
[36minfo[39m: prod_node_1: 14-06-2026 00:16:06: [36mQueryEngine:executeQuery:start[39m |====| {"dataQueryID":"non-existent-query","runtimeInputs":{}}
[31merror[39m: prod_node_1: 14-06-2026 00:16:06: [31mQueryEngine:executeQuery:queryNotFound[39m |====| {"dataQueryID":"non-existent-query"}
[36minfo[39m: prod_node_1: 14-06-2026 00:16:06: [36mQueryEngine:executeQuery:start[39m |====| {"dataQueryID":"query-123","runtimeInputs":{}}
[36minfo[39m: prod_node_1: 14-06-2026 00:16:06: [36mQueryEngine:executeQuery:cacheHit[39m |====| {"dataQueryID":"query-123"}
[36minfo[39m: prod_node_1: 14-06-2026 00:16:06: [36mQueryEngine:getDataSource:start[39m |====| {"dataQueryID":"query-id","cacheKey":"postgresql_ds-123"}
[36minfo[39m: prod_node_1: 14-06-2026 00:16:06: [36mQueryEngine:getDataSource:cacheHit[39m |====| {"dataQueryID":"query-id"}
[36minfo[39m: prod_node_1: 14-06-2026 00:27:14: [36mqueue.config:initializing in-memory queues[39m
[32msuccess[39m: prod_node_1: 14-06-2026 00:27:14: [32mqueue.config:in-memory queues ready[39m
[36minfo[39m: prod_node_1: 14-06-2026 00:27:14: [36mqueue.config:task worker registered[39m
[36minfo[39m: prod_node_1: 14-06-2026 00:27:14: [36mqueue.config:addNodeJob[39m |====| {"nodeType":"dataQuery","instanceID":"instance-1"}
[36minfo[39m: prod_node_1: 14-06-2026 00:27:14: [36mqueue.config:queues closed[39m
[36minfo[39m: prod_node_1: 14-06-2026 00:27:14: [36mqueue.config:initializing in-memory queues[39m
[32msuccess[39m: prod_node_1: 14-06-2026 00:27:14: [32mqueue.config:in-memory queues ready[39m
[36minfo[39m: prod_node_1: 14-06-2026 00:27:14: [36mqueue.config:task worker registered[39m
[36minfo[39m: prod_node_1: 14-06-2026 00:27:14: [36mqueue.config:addNodeJob[39m |====| {"nodeType":"code","instanceID":"instance-2"}
[36minfo[39m: prod_node_1: 14-06-2026 00:27:14: [36mqueue.config:queues closed[39m
[36minfo[39m: prod_node_1: 14-06-2026 00:27:14: [36mendHandler:collectingOutput[39m |====| {"instanceID":"instance-1","name":"customerID","sourceVariable":"{{ctx.input.customerID}}"}
[36minfo[39m: prod_node_1: 14-06-2026 00:27:14: [36mendHandler:executed[39m |====| {"instanceID":"instance-1","outputParameters":[{"name":"customerID","sourceVariable":"{{ctx.input.customerID}}"}]}
[36minfo[39m: prod_node_1: 14-06-2026 00:27:14: [36mendHandler:collectingOutput[39m |====| {"instanceID":"instance-1","name":"label","sourceVariable":"hardcoded-value"}
[36minfo[39m: prod_node_1: 14-06-2026 00:27:14: [36mendHandler:executed[39m |====| {"instanceID":"instance-1","outputParameters":[{"name":"label","sourceVariable":"hardcoded-value"}]}
[36minfo[39m: prod_node_1: 14-06-2026 00:27:14: [36minputValues:getInputDefinitions[39m |====| {"type":"workflow","id":"123e4567-e89b-12d3-a456-426614174000"}
[36minfo[39m: prod_node_1: 14-06-2026 00:27:14: [36mvaultService:storeCredential:params[39m |====| {"tenantID":"a1b2c3d4-e5f6-7a8b-9c0d-1e2f3a4b5c6d","provider":"google","name":"Google Sheet Auth"}
[32msuccess[39m: prod_node_1: 14-06-2026 00:27:14: [32mvaultService:storeCredential:success[39m |====| {"tenantID":"a1b2c3d4-e5f6-7a8b-9c0d-1e2f3a4b5c6d","vaultCredentialID":"f6e5d4c3-b2a1-0f9e-8d7c-6b5a4f3e2d1c"}
[36minfo[39m: prod_node_1: 14-06-2026 00:27:14: [36mvaultService:getCredential:params[39m |====| {"tenantID":"a1b2c3d4-e5f6-7a8b-9c0d-1e2f3a4b5c6d","vaultCredentialID":"f6e5d4c3-b2a1-0f9e-8d7c-6b5a4f3e2d1c"}
[32msuccess[39m: prod_node_1: 14-06-2026 00:27:14: [32mvaultService:getCredential:success[39m |====| {"tenantID":"a1b2c3d4-e5f6-7a8b-9c0d-1e2f3a4b5c6d","vaultCredentialID":"f6e5d4c3-b2a1-0f9e-8d7c-6b5a4f3e2d1c"}
[36minfo[39m: prod_node_1: 14-06-2026 00:27:14: [36mvaultService:getCredential:params[39m |====| {"tenantID":"a1b2c3d4-e5f6-7a8b-9c0d-1e2f3a4b5c6d","vaultCredentialID":"f6e5d4c3-b2a1-0f9e-8d7c-6b5a4f3e2d1c"}
[31merror[39m: prod_node_1: 14-06-2026 00:27:14: [31mvaultService:getCredential:failure[39m |====| {"tenantID":"a1b2c3d4-e5f6-7a8b-9c0d-1e2f3a4b5c6d","vaultCredentialID":"f6e5d4c3-b2a1-0f9e-8d7c-6b5a4f3e2d1c","errorMessage":"Credential not found in Vault"}
[36minfo[39m: prod_node_1: 14-06-2026 00:27:14: [36mvaultService:getCredential:params[39m |====| {"tenantID":"a1b2c3d4-e5f6-7a8b-9c0d-1e2f3a4b5c6d","vaultCredentialID":"f6e5d4c3-b2a1-0f9e-8d7c-6b5a4f3e2d1c"}
[31merror[39m: prod_node_1: 14-06-2026 00:27:14: [31mvaultService:getCredential:failure[39m |====| {"tenantID":"a1b2c3d4-e5f6-7a8b-9c0d-1e2f3a4b5c6d","vaultCredentialID":"f6e5d4c3-b2a1-0f9e-8d7c-6b5a4f3e2d1c","errorMessage":"Unauthorized access to credential"}
[36minfo[39m: prod_node_1: 14-06-2026 00:27:15: [36mQueryEngine:executeQuery:start[39m |====| {"dataQueryID":"query-123","runtimeInputs":{}}
[36minfo[39m: prod_node_1: 14-06-2026 00:27:15: [36mQueryEngine:executeQuery:fetchedQuery[39m |====| {"dataQueryID":"query-123","query":{"dataQueryID":"query-123","tenantID":"tenant-uuid-123","datasourceID":"ds-123","datasourceType":"googlesheets","dataQueryOptions":{"spreadsheetId":"sheet-id-abc"}}}
[36minfo[39m: prod_node_1: 14-06-2026 00:27:15: [36mQueryEngine:resolveTemplate:start[39m |====| {"dataQueryID":"query-123","template":{"spreadsheetId":"sheet-id-abc"}}
[36minfo[39m: prod_node_1: 14-06-2026 00:27:15: [36mQueryEngine:resolveTemplate:done[39m |====| {"dataQueryID":"query-123","resolvedTemplate":{"spreadsheetId":"sheet-id-abc"}}
[36minfo[39m: prod_node_1: 14-06-2026 00:27:15: [36mQueryEngine:executeQuery:resolvedTemplate[39m |====| {"dataQueryID":"query-123","resolvedTemplate":{"spreadsheetId":"sheet-id-abc"}}
[36minfo[39m: prod_node_1: 14-06-2026 00:27:15: [36mQueryEngine:getDataSource:start[39m |====| {"dataQueryID":"query-123","cacheKey":"googlesheets_ds-123"}
[36minfo[39m: prod_node_1: 14-06-2026 00:27:15: [36mQueryEngine:getDataSource:created[39m |====| {"dataQueryID":"query-123","cacheKey":"googlesheets_ds-123"}
[36minfo[39m: prod_node_1: 14-06-2026 00:27:15: [36mQueryEngine:executeQuery:executed[39m |====| {"dataQueryID":"query-123","runtimeInputs":{}}
[36minfo[39m: prod_node_1: 14-06-2026 00:27:15: [36mdatasourceService:testDatasourceConnection:params[39m |====| {"userID":"user-123","tenantID":"tenant-uuid-128","datasourceType":"googlesheets","datasourceOptions":{"authType":"oauth2","oauth2":{"vaultCredentialID":"vault-credential-uuid-999"}}}
[32msuccess[39m: prod_node_1: 14-06-2026 00:27:15: [32mdatasourceService:testDatasourceConnection:success[39m |====| {"userID":"user-123","connectionResult":{"ok":true,"status":200,"statusText":"Connected","credentialUsed":{"refreshToken":"[REDACTED]"}}}
[36minfo[39m: prod_node_1: 14-06-2026 00:27:19: [36mQueryEngine:resolveTemplate:start[39m |====| {"dataQueryID":"test-query","template":"SELECT * FROM users WHERE id = {{inputs.userId}}"}
[36minfo[39m: prod_node_1: 14-06-2026 00:27:19: [36mQueryEngine:resolveTemplate:done[39m |====| {"dataQueryID":"test-query","resolvedTemplate":"SELECT * FROM users WHERE id = 123"}
[36minfo[39m: prod_node_1: 14-06-2026 00:27:19: [36mQueryEngine:resolveTemplate:start[39m |====| {"dataQueryID":"test-query","template":"SELECT * FROM {{inputs.tableName}} WHERE id = {{inputs.userId}}"}
[36minfo[39m: prod_node_1: 14-06-2026 00:27:19: [36mQueryEngine:resolveTemplate:done[39m |====| {"dataQueryID":"test-query","resolvedTemplate":"SELECT * FROM customers WHERE id = 456"}
[36minfo[39m: prod_node_1: 14-06-2026 00:27:19: [36mQueryEngine:resolveTemplate:start[39m |====| {"dataQueryID":"test-query","template":{"query":"SELECT * FROM users","limit":"{{inputs.pageSize}}","filters":{"name":"{{inputs.userName}}"}}}
[36minfo[39m: prod_node_1: 14-06-2026 00:27:19: [36mQueryEngine:resolveTemplate:done[39m |====| {"dataQueryID":"test-query","resolvedTemplate":{"query":"SELECT * FROM users","limit":10,"filters":{"name":"John"}}}
[36minfo[39m: prod_node_1: 14-06-2026 00:27:19: [36mQueryEngine:resolveTemplate:start[39m |====| {"dataQueryID":"test-query","template":{"ids":"{{inputs.ids}}","filters":["{{inputs.status}}",{"user":"{{inputs.user}}"}]}}
[36minfo[39m: prod_node_1: 14-06-2026 00:27:19: [36mQueryEngine:resolveTemplate:done[39m |====| {"dataQueryID":"test-query","resolvedTemplate":{"ids":[1,2],"filters":["active",{"user":{"id":7}}]}}
[36minfo[39m: prod_node_1: 14-06-2026 00:27:19: [36mQueryEngine:resolveTemplate:start[39m |====| {"dataQueryID":"test-query","template":"SELECT * FROM users"}
[36minfo[39m: prod_node_1: 14-06-2026 00:27:19: [36mQueryEngine:resolveTemplate:done[39m |====| {"dataQueryID":"test-query","resolvedTemplate":"SELECT * FROM users"}
[36minfo[39m: prod_node_1: 14-06-2026 00:27:19: [36mQueryEngine:resolveTemplate:start[39m |====| {"dataQueryID":"test-query","template":"SELECT * FROM users WHERE id = {{inputs.user.id}}"}
[36minfo[39m: prod_node_1: 14-06-2026 00:27:19: [36mQueryEngine:resolveTemplate:done[39m |====| {"dataQueryID":"test-query","resolvedTemplate":"SELECT * FROM users WHERE id = 789"}
[36minfo[39m: prod_node_1: 14-06-2026 00:27:19: [36mQueryEngine:resolveTemplate:start[39m |====| {"dataQueryID":"test-query","template":"SELECT * FROM users WHERE id = {{args.user.id}}"}
[36minfo[39m: prod_node_1: 14-06-2026 00:27:19: [36mQueryEngine:resolveTemplate:done[39m |====| {"dataQueryID":"test-query","resolvedTemplate":"SELECT * FROM users WHERE id = "}
[36minfo[39m: prod_node_1: 14-06-2026 00:27:19: [36mQueryEngine:resolveTemplate:start[39m |====| {"dataQueryID":"test-query","template":"SELECT * FROM {{inputs.filters[0].table}} WHERE user_id = {{inputs[\"user-id\"]}}"}
[36minfo[39m: prod_node_1: 14-06-2026 00:27:19: [36mQueryEngine:resolveTemplate:done[39m |====| {"dataQueryID":"test-query","resolvedTemplate":"SELECT * FROM customers WHERE user_id = 321"}
[36minfo[39m: prod_node_1: 14-06-2026 00:27:19: [36mQueryEngine:resolveTemplate:start[39m |====| {"dataQueryID":"test-query","template":"SELECT * FROM users WHERE id = {{userId}}"}
[36minfo[39m: prod_node_1: 14-06-2026 00:27:19: [36mQueryEngine:resolveTemplate:done[39m |====| {"dataQueryID":"test-query","resolvedTemplate":"SELECT * FROM users WHERE id = "}
[36minfo[39m: prod_node_1: 14-06-2026 00:27:19: [36mQueryEngine:resolveTemplate:start[39m |====| {"dataQueryID":"test-query","template":"SELECT {{constructor.constructor(\"return 1\")()}}"}
[36minfo[39m: prod_node_1: 14-06-2026 00:27:19: [36mQueryEngine:resolveTemplate:done[39m |====| {"dataQueryID":"test-query","resolvedTemplate":"SELECT "}
[36minfo[39m: prod_node_1: 14-06-2026 00:27:19: [36mQueryEngine:executeQuery:start[39m |====| {"dataQueryID":"non-existent-query","runtimeInputs":{}}
[31merror[39m: prod_node_1: 14-06-2026 00:27:19: [31mQueryEngine:executeQuery:queryNotFound[39m |====| {"dataQueryID":"non-existent-query"}
[36minfo[39m: prod_node_1: 14-06-2026 00:27:19: [36mQueryEngine:executeQuery:start[39m |====| {"dataQueryID":"query-123","runtimeInputs":{}}
[36minfo[39m: prod_node_1: 14-06-2026 00:27:19: [36mQueryEngine:executeQuery:cacheHit[39m |====| {"dataQueryID":"query-123"}
[36minfo[39m: prod_node_1: 14-06-2026 00:27:19: [36mQueryEngine:getDataSource:start[39m |====| {"dataQueryID":"query-id","cacheKey":"postgresql_ds-123"}
[36minfo[39m: prod_node_1: 14-06-2026 00:27:19: [36mQueryEngine:getDataSource:cacheHit[39m |====| {"dataQueryID":"query-id"}
[32msuccess[39m: prod_node_1: 14-06-2026 00:27:20: [32mconfigureFirebase:firebase app configured[39m |====| {"firebaseApp":"jet-labs-projects"}
[36minfo[39m: prod_node_1: 14-06-2026 00:27:42: [36mqueue.config:initializing in-memory queues[39m
[32msuccess[39m: prod_node_1: 14-06-2026 00:27:42: [32mqueue.config:in-memory queues ready[39m
[36minfo[39m: prod_node_1: 14-06-2026 00:27:42: [36mqueue.config:task worker registered[39m
[36minfo[39m: prod_node_1: 14-06-2026 00:27:42: [36mqueue.config:addNodeJob[39m |====| {"nodeType":"dataQuery","instanceID":"instance-1"}
[36minfo[39m: prod_node_1: 14-06-2026 00:27:42: [36mqueue.config:queues closed[39m
[36minfo[39m: prod_node_1: 14-06-2026 00:27:42: [36mqueue.config:initializing in-memory queues[39m
[32msuccess[39m: prod_node_1: 14-06-2026 00:27:42: [32mqueue.config:in-memory queues ready[39m
[36minfo[39m: prod_node_1: 14-06-2026 00:27:42: [36mqueue.config:task worker registered[39m
[36minfo[39m: prod_node_1: 14-06-2026 00:27:42: [36mqueue.config:addNodeJob[39m |====| {"nodeType":"code","instanceID":"instance-2"}
[36minfo[39m: prod_node_1: 14-06-2026 00:27:42: [36mqueue.config:queues closed[39m
[36minfo[39m: prod_node_1: 14-06-2026 00:27:42: [36minputValues:getInputDefinitions[39m |====| {"type":"workflow","id":"123e4567-e89b-12d3-a456-426614174000"}
[36minfo[39m: prod_node_1: 14-06-2026 00:27:42: [36mendHandler:collectingOutput[39m |====| {"instanceID":"instance-1","name":"customerID","sourceVariable":"{{ctx.input.customerID}}"}
[36minfo[39m: prod_node_1: 14-06-2026 00:27:42: [36mendHandler:executed[39m |====| {"instanceID":"instance-1","outputParameters":[{"name":"customerID","sourceVariable":"{{ctx.input.customerID}}"}]}
[36minfo[39m: prod_node_1: 14-06-2026 00:27:42: [36mendHandler:collectingOutput[39m |====| {"instanceID":"instance-1","name":"label","sourceVariable":"hardcoded-value"}
[36minfo[39m: prod_node_1: 14-06-2026 00:27:42: [36mendHandler:executed[39m |====| {"instanceID":"instance-1","outputParameters":[{"name":"label","sourceVariable":"hardcoded-value"}]}
[36minfo[39m: prod_node_1: 14-06-2026 00:27:42: [36mvaultService:storeCredential:params[39m |====| {"tenantID":"a1b2c3d4-e5f6-7a8b-9c0d-1e2f3a4b5c6d","provider":"google","name":"Google Sheet Auth"}
[32msuccess[39m: prod_node_1: 14-06-2026 00:27:42: [32mvaultService:storeCredential:success[39m |====| {"tenantID":"a1b2c3d4-e5f6-7a8b-9c0d-1e2f3a4b5c6d","vaultCredentialID":"f6e5d4c3-b2a1-0f9e-8d7c-6b5a4f3e2d1c"}
[36minfo[39m: prod_node_1: 14-06-2026 00:27:42: [36mvaultService:getCredential:params[39m |====| {"tenantID":"a1b2c3d4-e5f6-7a8b-9c0d-1e2f3a4b5c6d","vaultCredentialID":"f6e5d4c3-b2a1-0f9e-8d7c-6b5a4f3e2d1c"}
[32msuccess[39m: prod_node_1: 14-06-2026 00:27:42: [32mvaultService:getCredential:success[39m |====| {"tenantID":"a1b2c3d4-e5f6-7a8b-9c0d-1e2f3a4b5c6d","vaultCredentialID":"f6e5d4c3-b2a1-0f9e-8d7c-6b5a4f3e2d1c"}
[36minfo[39m: prod_node_1: 14-06-2026 00:27:42: [36mvaultService:getCredential:params[39m |====| {"tenantID":"a1b2c3d4-e5f6-7a8b-9c0d-1e2f3a4b5c6d","vaultCredentialID":"f6e5d4c3-b2a1-0f9e-8d7c-6b5a4f3e2d1c"}
[31merror[39m: prod_node_1: 14-06-2026 00:27:42: [31mvaultService:getCredential:failure[39m |====| {"tenantID":"a1b2c3d4-e5f6-7a8b-9c0d-1e2f3a4b5c6d","vaultCredentialID":"f6e5d4c3-b2a1-0f9e-8d7c-6b5a4f3e2d1c","errorMessage":"Credential not found in Vault"}
[36minfo[39m: prod_node_1: 14-06-2026 00:27:42: [36mvaultService:getCredential:params[39m |====| {"tenantID":"a1b2c3d4-e5f6-7a8b-9c0d-1e2f3a4b5c6d","vaultCredentialID":"f6e5d4c3-b2a1-0f9e-8d7c-6b5a4f3e2d1c"}
[31merror[39m: prod_node_1: 14-06-2026 00:27:42: [31mvaultService:getCredential:failure[39m |====| {"tenantID":"a1b2c3d4-e5f6-7a8b-9c0d-1e2f3a4b5c6d","vaultCredentialID":"f6e5d4c3-b2a1-0f9e-8d7c-6b5a4f3e2d1c","errorMessage":"Unauthorized access to credential"}
[36minfo[39m: prod_node_1: 14-06-2026 00:27:42: [36mQueryEngine:executeQuery:start[39m |====| {"dataQueryID":"query-123","runtimeInputs":{}}
[36minfo[39m: prod_node_1: 14-06-2026 00:27:42: [36mQueryEngine:executeQuery:fetchedQuery[39m |====| {"dataQueryID":"query-123","query":{"dataQueryID":"query-123","tenantID":"tenant-uuid-123","datasourceID":"ds-123","datasourceType":"googlesheets","dataQueryOptions":{"spreadsheetId":"sheet-id-abc"}}}
[36minfo[39m: prod_node_1: 14-06-2026 00:27:42: [36mQueryEngine:resolveTemplate:start[39m |====| {"dataQueryID":"query-123","template":{"spreadsheetId":"sheet-id-abc"}}
[36minfo[39m: prod_node_1: 14-06-2026 00:27:42: [36mQueryEngine:resolveTemplate:done[39m |====| {"dataQueryID":"query-123","resolvedTemplate":{"spreadsheetId":"sheet-id-abc"}}
[36minfo[39m: prod_node_1: 14-06-2026 00:27:42: [36mQueryEngine:executeQuery:resolvedTemplate[39m |====| {"dataQueryID":"query-123","resolvedTemplate":{"spreadsheetId":"sheet-id-abc"}}
[36minfo[39m: prod_node_1: 14-06-2026 00:27:42: [36mQueryEngine:getDataSource:start[39m |====| {"dataQueryID":"query-123","cacheKey":"googlesheets_ds-123"}
[36minfo[39m: prod_node_1: 14-06-2026 00:27:42: [36mQueryEngine:getDataSource:created[39m |====| {"dataQueryID":"query-123","cacheKey":"googlesheets_ds-123"}
[36minfo[39m: prod_node_1: 14-06-2026 00:27:42: [36mQueryEngine:executeQuery:executed[39m |====| {"dataQueryID":"query-123","runtimeInputs":{}}
[36minfo[39m: prod_node_1: 14-06-2026 00:27:42: [36mdatasourceService:testDatasourceConnection:params[39m |====| {"userID":"user-123","tenantID":"tenant-uuid-128","datasourceType":"googlesheets","datasourceOptions":{"authType":"oauth2","oauth2":{"vaultCredentialID":"vault-credential-uuid-999"}}}
[32msuccess[39m: prod_node_1: 14-06-2026 00:27:42: [32mdatasourceService:testDatasourceConnection:success[39m |====| {"userID":"user-123","connectionResult":{"ok":true,"status":200,"statusText":"Connected","credentialUsed":{"refreshToken":"[REDACTED]"}}}
[36minfo[39m: prod_node_1: 14-06-2026 00:27:46: [36mQueryEngine:resolveTemplate:start[39m |====| {"dataQueryID":"test-query","template":"SELECT * FROM users WHERE id = {{inputs.userId}}"}
[36minfo[39m: prod_node_1: 14-06-2026 00:27:46: [36mQueryEngine:resolveTemplate:done[39m |====| {"dataQueryID":"test-query","resolvedTemplate":"SELECT * FROM users WHERE id = 123"}
[36minfo[39m: prod_node_1: 14-06-2026 00:27:46: [36mQueryEngine:resolveTemplate:start[39m |====| {"dataQueryID":"test-query","template":"SELECT * FROM {{inputs.tableName}} WHERE id = {{inputs.userId}}"}
[36minfo[39m: prod_node_1: 14-06-2026 00:27:46: [36mQueryEngine:resolveTemplate:done[39m |====| {"dataQueryID":"test-query","resolvedTemplate":"SELECT * FROM customers WHERE id = 456"}
[36minfo[39m: prod_node_1: 14-06-2026 00:27:46: [36mQueryEngine:resolveTemplate:start[39m |====| {"dataQueryID":"test-query","template":{"query":"SELECT * FROM users","limit":"{{inputs.pageSize}}","filters":{"name":"{{inputs.userName}}"}}}
[36minfo[39m: prod_node_1: 14-06-2026 00:27:46: [36mQueryEngine:resolveTemplate:done[39m |====| {"dataQueryID":"test-query","resolvedTemplate":{"query":"SELECT * FROM users","limit":10,"filters":{"name":"John"}}}
[36minfo[39m: prod_node_1: 14-06-2026 00:27:46: [36mQueryEngine:resolveTemplate:start[39m |====| {"dataQueryID":"test-query","template":{"ids":"{{inputs.ids}}","filters":["{{inputs.status}}",{"user":"{{inputs.user}}"}]}}
[36minfo[39m: prod_node_1: 14-06-2026 00:27:46: [36mQueryEngine:resolveTemplate:done[39m |====| {"dataQueryID":"test-query","resolvedTemplate":{"ids":[1,2],"filters":["active",{"user":{"id":7}}]}}
[36minfo[39m: prod_node_1: 14-06-2026 00:27:46: [36mQueryEngine:resolveTemplate:start[39m |====| {"dataQueryID":"test-query","template":"SELECT * FROM users"}
[36minfo[39m: prod_node_1: 14-06-2026 00:27:46: [36mQueryEngine:resolveTemplate:done[39m |====| {"dataQueryID":"test-query","resolvedTemplate":"SELECT * FROM users"}
[36minfo[39m: prod_node_1: 14-06-2026 00:27:46: [36mQueryEngine:resolveTemplate:start[39m |====| {"dataQueryID":"test-query","template":"SELECT * FROM users WHERE id = {{inputs.user.id}}"}
[36minfo[39m: prod_node_1: 14-06-2026 00:27:46: [36mQueryEngine:resolveTemplate:done[39m |====| {"dataQueryID":"test-query","resolvedTemplate":"SELECT * FROM users WHERE id = 789"}
[36minfo[39m: prod_node_1: 14-06-2026 00:27:46: [36mQueryEngine:resolveTemplate:start[39m |====| {"dataQueryID":"test-query","template":"SELECT * FROM users WHERE id = {{args.user.id}}"}
[36minfo[39m: prod_node_1: 14-06-2026 00:27:46: [36mQueryEngine:resolveTemplate:done[39m |====| {"dataQueryID":"test-query","resolvedTemplate":"SELECT * FROM users WHERE id = "}
[36minfo[39m: prod_node_1: 14-06-2026 00:27:46: [36mQueryEngine:resolveTemplate:start[39m |====| {"dataQueryID":"test-query","template":"SELECT * FROM {{inputs.filters[0].table}} WHERE user_id = {{inputs[\"user-id\"]}}"}
[36minfo[39m: prod_node_1: 14-06-2026 00:27:46: [36mQueryEngine:resolveTemplate:done[39m |====| {"dataQueryID":"test-query","resolvedTemplate":"SELECT * FROM customers WHERE user_id = 321"}
[36minfo[39m: prod_node_1: 14-06-2026 00:27:46: [36mQueryEngine:resolveTemplate:start[39m |====| {"dataQueryID":"test-query","template":"SELECT * FROM users WHERE id = {{userId}}"}
[36minfo[39m: prod_node_1: 14-06-2026 00:27:46: [36mQueryEngine:resolveTemplate:done[39m |====| {"dataQueryID":"test-query","resolvedTemplate":"SELECT * FROM users WHERE id = "}
[36minfo[39m: prod_node_1: 14-06-2026 00:27:46: [36mQueryEngine:resolveTemplate:start[39m |====| {"dataQueryID":"test-query","template":"SELECT {{constructor.constructor(\"return 1\")()}}"}
[36minfo[39m: prod_node_1: 14-06-2026 00:27:46: [36mQueryEngine:resolveTemplate:done[39m |====| {"dataQueryID":"test-query","resolvedTemplate":"SELECT "}
[36minfo[39m: prod_node_1: 14-06-2026 00:27:46: [36mQueryEngine:executeQuery:start[39m |====| {"dataQueryID":"non-existent-query","runtimeInputs":{}}
[31merror[39m: prod_node_1: 14-06-2026 00:27:46: [31mQueryEngine:executeQuery:queryNotFound[39m |====| {"dataQueryID":"non-existent-query"}
[36minfo[39m: prod_node_1: 14-06-2026 00:27:46: [36mQueryEngine:executeQuery:start[39m |====| {"dataQueryID":"query-123","runtimeInputs":{}}
[36minfo[39m: prod_node_1: 14-06-2026 00:27:46: [36mQueryEngine:executeQuery:cacheHit[39m |====| {"dataQueryID":"query-123"}
[36minfo[39m: prod_node_1: 14-06-2026 00:27:46: [36mQueryEngine:getDataSource:start[39m |====| {"dataQueryID":"query-id","cacheKey":"postgresql_ds-123"}
[36minfo[39m: prod_node_1: 14-06-2026 00:27:46: [36mQueryEngine:getDataSource:cacheHit[39m |====| {"dataQueryID":"query-id"}
[32msuccess[39m: prod_node_1: 14-06-2026 00:27:47: [32mconfigureFirebase:firebase app configured[39m |====| {"firebaseApp":"jet-labs-projects"}
