
> jet-docs@0.0.0 build
> docusaurus build


 ------------------------------------------------------------------------------                                                                                                          Update available 3.4.0 → 3.9.2                                                                                                                 To upgrade Docusaurus packages with the latest version, run the                                       following command:                                       `npm i @docusaurus/core@latest @docusaurus/preset-classic@latest             @docusaurus/theme-mermaid@latest @docusaurus/module-type-aliases@latest                                @docusaurus/types@latest`                                                                                                             ------------------------------------------------------------------------------ 

[INFO] [en] Creating an optimized production build...
[WARNING] Duplicate routes found!
- Attempting to create page at /jet-admin/docs/features/dashboard/index, but a page already exists at this route.
- Attempting to create page at /jet-admin/docs/features/data-query/index, but a page already exists at this route.
- Attempting to create page at /jet-admin/docs/features/workflow/overview, but a page already exists at this route.
This could lead to non-deterministic routing behavior.
Browserslist: browsers data (caniuse-lite) is 13 months old. Please run:
  npx update-browserslist-db@latest
  Why you should do it regularly: https://github.com/browserslist/update-db#readme
i Compiling Client
i Compiling Server
√ Server: Compiled successfully in 2.19s
√ Client: Compiled successfully in 2.75s

[ERROR] Error: Unable to build website for locale en.
    at tryToBuildLocale (D:\PROJECTS\PERSONAL\jet-admin\docs\node_modules\@docusaurus\core\lib\commands\build.js:54:19)
    at async D:\PROJECTS\PERSONAL\jet-admin\docs\node_modules\@docusaurus\core\lib\commands\build.js:65:9
    at async mapAsyncSequential (D:\PROJECTS\PERSONAL\jet-admin\docs\node_modules\@docusaurus\utils\lib\jsUtils.js:20:24)
    at async Command.build (D:\PROJECTS\PERSONAL\jet-admin\docs\node_modules\@docusaurus\core\lib\commands\build.js:63:5) {
  [cause]: Error: Docusaurus found broken links!
  
  Please check the pages of your site in the list below, and make sure you don't reference any path that does not exist.
  Note: it's possible to ignore broken links with the 'onBrokenLinks' Docusaurus configuration, and let the build pass.
  
  Exhaustive list of all broken links found:
  - Broken link on source page path = /jet-admin/docs/features/dashboard/overview:
     -> linking to ../widgets/index (resolved as: /jet-admin/docs/features/widgets/index)
  - Broken link on source page path = /jet-admin/docs/features/widgets:
     -> linking to ./widget-workflow-bridge (resolved as: /jet-admin/docs/features/widget-workflow-bridge)
  
      at throwError (D:\PROJECTS\PERSONAL\jet-admin\docs\node_modules\@docusaurus\logger\lib\index.js:79:11)
      at reportBrokenLinks (D:\PROJECTS\PERSONAL\jet-admin\docs\node_modules\@docusaurus\core\lib\server\brokenLinks.js:250:47)
      at handleBrokenLinks (D:\PROJECTS\PERSONAL\jet-admin\docs\node_modules\@docusaurus\core\lib\server\brokenLinks.js:282:5)
      at executeBrokenLinksCheck (D:\PROJECTS\PERSONAL\jet-admin\docs\node_modules\@docusaurus\core\lib\commands\build.js:200:47)
      at D:\PROJECTS\PERSONAL\jet-admin\docs\node_modules\@docusaurus\core\lib\commands\build.js:146:66
      at Object.async (D:\PROJECTS\PERSONAL\jet-admin\docs\node_modules\@docusaurus\core\lib\utils.js:36:47)
      at buildLocale (D:\PROJECTS\PERSONAL\jet-admin\docs\node_modules\@docusaurus\core\lib\commands\build.js:146:30)
      at async tryToBuildLocale (D:\PROJECTS\PERSONAL\jet-admin\docs\node_modules\@docusaurus\core\lib\commands\build.js:47:13)
      at async D:\PROJECTS\PERSONAL\jet-admin\docs\node_modules\@docusaurus\core\lib\commands\build.js:65:9
      at async mapAsyncSequential (D:\PROJECTS\PERSONAL\jet-admin\docs\node_modules\@docusaurus\utils\lib\jsUtils.js:20:24)
}
[INFO] Docusaurus version: 3.4.0
Node version: v22.13.1
